// Jest Snapshot v1, https://goo.gl/fbAQLP

exports[`render withPlayer 1`] = `
<video
  className="player__video"
  onTimeUpdate={[Function]}
  poster="https://assets.htmlacademy.ru/intensives/javascript-3/film/poster/Pulp_Fiction.jpg"
  src="http://media.xiph.org/mango/tears_of_steel_1080p.webm"
/>
`;
